// Jest Snapshot v1, https://goo.gl/fbAQLP

exports[`<Button /> Snapshots should match snapshot 1`] = `
<div>
  <a
    class="sc-bdVaJa bDCsfx"
  >
    Click me
  </a>
</div>
`;
